<html>
<body>
<pre>
<h1>礦ision Build Log</h1>
<h2>Tool Versions:</h2>
IDE-Version: μVision V5.31.0.0
Copyright (C) 2020 ARM Ltd and ARM Germany GmbH. All rights reserved.
License Information: 柯 张, BH uni, LIC=----
 
Tool Versions:
Toolchain:       MDK-Lite  Version: 5.31.0.0
Toolchain Path:  C:\Keil_v5\ARM\ARMCC\Bin
C Compiler:      Armcc.exe V5.06 update 6 (build 750)
Assembler:       Armasm.exe V5.06 update 6 (build 750)
Linker/Locator:  ArmLink.exe V5.06 update 6 (build 750)
Library Manager: ArmAr.exe V5.06 update 6 (build 750)
Hex Converter:   FromElf.exe V5.06 update 6 (build 750)
CPU DLL:         SARMCM3.DLL V5.31.0.0
Dialog DLL:      DCM.DLL V1.17.3.0
Target DLL:      STLink\ST-LINKIII-KEIL_SWO.dll V3.0.7.0
Dialog DLL:      TCM.DLL V1.46.0.0
 
<h2>Project:</h2>
C:\启先杯\QiXian-Cup\Prj\BLDC.uvprojx
Project File Date:  03/07/2021

<h2>Output:</h2>
*** Using Compiler 'V5.06 update 6 (build 750)', folder: 'C:\Keil_v5\ARM\ARMCC\Bin'
Rebuild target 'MPro'
assembling startup_stm32f10x_hd.s...
compiling KeyFI.c...
compiling delay.c...
compiling BoardLib.c...
..\Device\Board\BoardLib.c(30): warning:  #223-D: function "SysRunTime" declared implicitly
  	if( SysRunTime() > LEDLastTime+LEDTRUNTime ) //500ms ,一般是500，通信的时候60ms
..\Device\Board\BoardLib.c: 1 warning, 0 errors
compiling main.c...
..\main.c(16): warning:  #550-D: variable "i"  was set but never used
  int i=0;
..\main.c: 1 warning, 0 errors
compiling Interrupt.c...
compiling stm32f10x_Init.c...
compiling Servo.C...
compiling DataProces.c...
compiling MotorDrive.c...
compiling stm32_flash.c...
compiling EEPFlash.c...
compiling syn500r.c...
compiling PS2.C...
compiling AT_Driver.c...
compiling LXU_AtRISC.c...
compiling AT_Runing.c...
compiling PID.c...
compiling MPU6050.c...
compiling imu.c...
compiling myMath.c...
compiling kalman.c...
compiling STM32_I2C.c...
linking...
Program Size: Code=19932 RO-data=504 RW-data=308 ZI-data=8100  
FromELF: creating hex file...
After Build - User command #1: fromelf.exe --bin --output ./ult.bin ./ult.axf
".\ult.axf" - 0 Error(s), 2 Warning(s).

<h2>Software Packages used:</h2>

Package Vendor: ARM
                http://www.keil.com/pack/ARM.CMSIS.5.7.0.pack
                ARM.CMSIS.5.7.0
                CMSIS (Cortex Microcontroller Software Interface Standard)
   * Component: CORE Version: 5.4.0

Package Vendor: Keil
                http://www.keil.com/pack/Keil.STM32F1xx_DFP.2.3.0.pack
                Keil.STM32F1xx_DFP.2.3.0
                STMicroelectronics STM32F1 Series Device Support, Drivers and Examples

<h2>Collection of Component include folders:</h2>
  .\RTE\_MPro
  C:\Users\zhangke\AppData\Local\Arm\Packs\ARM\CMSIS\5.7.0\CMSIS\Core\Include
  C:\Users\zhangke\AppData\Local\Arm\Packs\Keil\STM32F1xx_DFP\2.3.0\Device\Include

<h2>Collection of Component Files used:</h2>

   * Component: ARM::CMSIS:CORE:5.4.0
Build Time Elapsed:  00:00:04
</pre>
</body>
</html>
